// Jest Snapshot v1, https://goo.gl/fbAQLP

exports[`it should render properly 1`] = `
<div
  className="message message--user"
  data-id="1"
>
  <div
    className="message-header"
  >
    <div
      className="message-avatar"
      style={
        Object {
          "background": "#67783a",
        }
      }
    />
    <div
      className="message-details"
    >
      <div
        className="message-sender"
      >
        Unknown
      </div>
      <div
        className="message-sent-at"
      >
        2018. 06. 05. 20:04
      </div>
    </div>
  </div>
  <div
    className="message-body"
    data-test="body"
  >
    hello world!
  </div>
</div>
`;
