// Jest Snapshot v1, https://goo.gl/fbAQLP

exports[`it should render properly 1`] = `
<div
  className="messages"
>
  <Message
    body="foo"
    id="1"
    key="1"
    senderId="1"
    sentAt={1528221843537}
    type="user"
    users={
      Array [
        Object {
          "id": "1",
          "name": "Unknown",
        },
      ]
    }
  />
  <Message
    body="bar"
    id="2"
    key="2"
    senderId="1"
    sentAt={1528221843537}
    type="user"
    users={
      Array [
        Object {
          "id": "1",
          "name": "Unknown",
        },
      ]
    }
  />
</div>
`;
